Microchip MPLAB XC8 Compiler V1.42 ()

Linker command line:

-W-3 --edf=C:\Program Files (x86)\Microchip\xc8\v1.42\dat\en_msgs.txt -cs \
  -h+dist/default/production\samon20201222.X.production.sym \
  --cmf=dist/default/production\samon20201222.X.production.cmf -z -Q16F1503 \
  -oC:\Users\SHENSU~1\AppData\Local\Temp\s11bo.2 \
  -Mdist/default/production/samon20201222.X.production.map -E1 -ver=XC8 \
  --acfsm=1493 -ASTACK=0205Ah-0206fh -pstack=STACK -ACODE=00h-07FFh \
  -ASTRCODE=00h-07FFh -ASTRING=00h-0FFhx8 -ACONST=00h-0FFhx8 \
  -AENTRY=00h-0FFhx8 -ACOMMON=070h-07Fh -ABANK0=020h-06Fh -ABANK1=0A0h-0BFh \
  -ABIGRAM=02000h-0206Fh -ARAM=020h-06Fh,0A0h-0BFh \
  -AABS1=020h-07Fh,0A0h-0BFh -ASFR0=00h-01Fh -ASFR1=080h-09Fh \
  -ASFR2=0100h-016Fh -ASFR3=0180h-01EFh -ASFR4=0200h-026Fh \
  -ASFR5=0280h-02EFh -ASFR6=0300h-036Fh -ASFR7=0380h-03EFh \
  -ASFR8=0400h-046Fh -ASFR9=0480h-04EFh -ASFR10=0500h-056Fh \
  -ASFR11=0580h-05EFh -ASFR12=0600h-066Fh -ASFR13=0680h-06EFh \
  -ASFR14=0700h-076Fh -ASFR15=0780h-07EFh -ASFR16=0800h-086Fh \
  -ASFR17=0880h-08EFh -ASFR18=0900h-096Fh -ASFR19=0980h-09EFh \
  -ASFR20=0A00h-0A6Fh -ASFR21=0A80h-0AEFh -ASFR22=0B00h-0B6Fh \
  -ASFR23=0B80h-0BEFh -ASFR24=0C00h-0C6Fh -ASFR25=0C80h-0CEFh \
  -ASFR26=0D00h-0D6Fh -ASFR27=0D80h-0DEFh -ASFR28=0E00h-0E6Fh \
  -ASFR29=0E80h-0EEFh -ASFR30=0F00h-0F6Fh -ASFR31=0F80h-0FEFh \
  -preset_vec=00h,intentry=04h,init,end_init -ppowerup=CODE -pcinit=CODE \
  -pfunctab=CODE -ACONFIG=08007h-08008h -pconfig=CONFIG -DCONFIG=2 \
  -AIDLOC=08000h-08003h -pidloc=IDLOC -DIDLOC=2 -DCODE=2 -DSTRCODE=2 \
  -DSTRING=2 -DCONST=2 -DENTRY=2 -k \
  C:\Users\SHENSU~1\AppData\Local\Temp\s11bo.obj \
  dist/default/production\samon20201222.X.production.obj 

Object code version is 3.11

Machine type is 16F1503



                Name                               Link     Load   Length Selector   Space Scale
C:\Users\SHENSU~1\AppData\Local\Temp\s11bo.obj
                end_init                             29       29        1        8       0
                reset_vec                             0        0        1        0       0
                config                             8007     8007        2    1000E       0
dist/default/production\samon20201222.X.production.obj
                cinit                                2A       2A       19        8       0
                intentry                              4        4       25        8       0
                text40                              51A      51A        3        8       0
                text39                              458      458        F        8       0
                text38                              520      520        1        8       0
                text37                              21A      21A       5B        8       0
                text36                              482      482        D        8       0
                text35                              50A      50A        5        8       0
                text34                              34A      34A       37        8       0
                text33                              51F      51F        1        8       0
                text32                              4B1      4B1        B        8       0
                text31                              447      447       11        8       0
                text30                              4FF      4FF        6        8       0
                text29                              51E      51E        1        8       0
                text28                              4A6      4A6        B        8       0
                text27                              4C5      4C5        9        8       0
                text26                              3F1      3F1       19        8       0
                text25                              381      381       34        8       0
                text24                              275      275       51        8       0
                text23                              3D4      3D4       1D        8       0
                text22                              4CE      4CE        7        8       0
                text21                              517      517        3        8       0
                text20                              30C      30C       3E        8       0
                text19                              467      467        E        8       0
                text18                              51D      51D        1        8       0
                text17                               43       43      1D7        8       0
                text16                              49B      49B        B        8       0
                text15                              513      513        4        8       0
                text13                              4BC      4BC        9        8       0
                text12                              505      505        5        8       0
                text11                              4F9      4F9        6        8       0
                text10                              4F3      4F3        6        8       0
                text9                               3B5      3B5       1F        8       0
                text8                               4ED      4ED        6        8       0
                text7                               422      422       14        8       0
                text6                               4E7      4E7        6        8       0
                text5                               40A      40A       18        8       0
                text4                               4E1      4E1        6        8       0
                text3                               436      436       11        8       0
                text2                               50F      50F        4        8       0
                text1                               475      475        D        8       0
                maintext                            2C6      2C6       46        8       0
                cstackBANK0                          5E       5E        A       20       1
                cstackCOMMON                         70       70        E       70       1
                cstackBANK1                          A8       A8        2       A0       1
                clrtext                             4DB      4DB        6        8       0
                inittext                            4D5      4D5        6        8       0
                bssBANK1                             A0       A0        8       A0       1
                dataBANK0                            47       47        C       20       1
                bssBANK0                             20       20       27       20       1
                nvBANK0                              53       53        B       20       1
                idataBANK0                          48F      48F        C        8       0

TOTAL           Name                               Link     Load   Length     Space
        CLASS   STACK          

        CLASS   CODE           
                end_init                             29       29        1         0
                cinit                                2A       2A       19         0
                intentry                              4        4       25         0
                reset_vec                             0        0        1         0
                text40                              51A      51A        3         0
                text39                              458      458        F         0
                text38                              520      520        1         0
                text37                              21A      21A       5B         0
                text36                              482      482        D         0
                text35                              50A      50A        5         0
                text34                              34A      34A       37         0
                text33                              51F      51F        1         0
                text32                              4B1      4B1        B         0
                text31                              447      447       11         0
                text30                              4FF      4FF        6         0
                text29                              51E      51E        1         0
                text28                              4A6      4A6        B         0
                text27                              4C5      4C5        9         0
                text26                              3F1      3F1       19         0
                text25                              381      381       34         0
                text24                              275      275       51         0
                text23                              3D4      3D4       1D         0
                text22                              4CE      4CE        7         0
                text21                              517      517        3         0
                text20                              30C      30C       3E         0
                text19                              467      467        E         0
                text18                              51D      51D        1         0
                text17                               43       43      1D7         0
                text16                              49B      49B        B         0
                text15                              513      513        4         0
                text13                              4BC      4BC        9         0
                text12                              505      505        5         0
                text11                              4F9      4F9        6         0
                text10                              4F3      4F3        6         0
                text9                               3B5      3B5       1F         0
                text8                               4ED      4ED        6         0
                text7                               422      422       14         0
                text6                               4E7      4E7        6         0
                text5                               40A      40A       18         0
                text4                               4E1      4E1        6         0
                text3                               436      436       11         0
                text2                               50F      50F        4         0
                text1                               475      475        D         0
                maintext                            2C6      2C6       46         0
                clrtext                             4DB      4DB        6         0
                inittext                            4D5      4D5        6         0
                idataBANK0                          48F      48F        C         0

        CLASS   STRCODE        

        CLASS   STRING         

        CLASS   CONST          

        CLASS   ENTRY          

        CLASS   COMMON         
                cstackCOMMON                         70       70        E         1

        CLASS   BANK0          
                cstackBANK0                          5E       5E        A         1
                dataBANK0                            47       47        C         1
                bssBANK0                             20       20       27         1
                nvBANK0                              53       53        B         1

        CLASS   BANK1          
                cstackBANK1                          A8       A8        2         1
                bssBANK1                             A0       A0        8         1

        CLASS   BIGRAM         

        CLASS   RAM            

        CLASS   ABS1           
                abs_s1                               7E       7E        2         1

        CLASS   SFR0           

        CLASS   SFR1           

        CLASS   SFR2           

        CLASS   SFR3           

        CLASS   SFR4           

        CLASS   SFR5           

        CLASS   SFR6           

        CLASS   SFR7           

        CLASS   SFR8           

        CLASS   SFR9           

        CLASS   SFR10          

        CLASS   SFR11          

        CLASS   SFR12          

        CLASS   SFR13          

        CLASS   SFR14          

        CLASS   SFR15          

        CLASS   SFR16          

        CLASS   SFR17          

        CLASS   SFR18          

        CLASS   SFR19          

        CLASS   SFR20          

        CLASS   SFR21          

        CLASS   SFR22          

        CLASS   SFR23          

        CLASS   SFR24          

        CLASS   SFR25          

        CLASS   SFR26          

        CLASS   SFR27          

        CLASS   SFR28          

        CLASS   SFR29          

        CLASS   SFR30          

        CLASS   SFR31          

        CLASS   CONFIG         
                config                             8007     8007        2         0

        CLASS   IDLOC          

        CLASS   BANK31         

        CLASS   BANK30         

        CLASS   BANK29         

        CLASS   BANK28         

        CLASS   BANK27         

        CLASS   BANK26         

        CLASS   BANK25         

        CLASS   BANK24         

        CLASS   BANK23         

        CLASS   BANK22         

        CLASS   BANK21         

        CLASS   BANK20         

        CLASS   BANK19         

        CLASS   BANK18         

        CLASS   BANK17         

        CLASS   BANK16         

        CLASS   BANK15         

        CLASS   BANK14         

        CLASS   BANK13         

        CLASS   BANK12         

        CLASS   BANK11         

        CLASS   BANK10         

        CLASS   BANK9          

        CLASS   BANK8          

        CLASS   BANK7          

        CLASS   BANK6          

        CLASS   BANK5          

        CLASS   BANK4          

        CLASS   BANK3          

        CLASS   BANK2          

        CLASS   EEDATA         



SEGMENTS        Name                           Load    Length   Top    Selector   Space  Class     Delta

                reset_vec                      000000  000001  000001         0       0  CODE        2
                intentry                       000004  00051D  000521         8       0  CODE        2
                bssBANK0                       000020  000048  000068        20       1  BANK0       1
                cstackCOMMON                   000070  00000E  00007E        70       1  COMMON      1
                bssBANK1                       0000A0  00000A  0000AA        A0       1  BANK1       1
                config                         008007  000002  008009     1000E       0  CONFIG      2


UNUSED ADDRESS RANGES

        Name                Unused          Largest block    Delta
        BANK0            00068-0006F               8           1
        BANK1            000AA-000BF              16           1
        BIGRAM           02000-0206F              70           1
        CODE             00001-00003               3           2
                         00521-007FF             2DF
        CONST            00001-00003               3           2
                         00521-007FF             100
        ENTRY            00001-00003               3           2
                         00521-007FF             100
        IDLOC            08000-08003               4           2
        RAM              00068-0006F               8           1
                         000AA-000BF              16
        SFR0             00000-0001F              20           1
        SFR1             00080-0009F              20           1
        SFR10            00500-0056F              70           1
        SFR11            00580-005EF              70           1
        SFR12            00600-0066F              70           1
        SFR13            00680-006EF              70           1
        SFR14            00700-0076F              70           1
        SFR15            00780-007EF              70           1
        SFR16            00800-0086F              70           1
        SFR17            00880-008EF              70           1
        SFR18            00900-0096F              70           1
        SFR19            00980-009EF              70           1
        SFR2             00100-0016F              70           1
        SFR20            00A00-00A6F              70           1
        SFR21            00A80-00AEF              70           1
        SFR22            00B00-00B6F              70           1
        SFR23            00B80-00BEF              70           1
        SFR24            00C00-00C6F              70           1
        SFR25            00C80-00CEF              70           1
        SFR26            00D00-00D6F              70           1
        SFR27            00D80-00DEF              70           1
        SFR28            00E00-00E6F              70           1
        SFR29            00E80-00EEF              70           1
        SFR3             00180-001EF              70           1
        SFR30            00F00-00F6F              70           1
        SFR31            00F80-00FEF              70           1
        SFR4             00200-0026F              70           1
        SFR5             00280-002EF              70           1
        SFR6             00300-0036F              70           1
        SFR7             00380-003EF              70           1
        SFR8             00400-0046F              70           1
        SFR9             00480-004EF              70           1
        STACK            0205A-0206F              16           1
        STRCODE          00001-00003               3           2
                         00521-007FF             2DF
        STRING           00001-00003               3           2
                         00521-007FF             100

                                  Symbol Table

?_ADC_GetConversion                         cstackCOMMON 00070
?_TMR1_ReadTimer                            cstackCOMMON 00070
?___lwdiv                                   cstackCOMMON 00070
?_rpm_celiang                               cstackCOMMON 0007B
ADC_GetConversion@channel                   cstackCOMMON 00073
INT_T2@i                                    cstackCOMMON 0007D
INT_T2@last_switch_count                    bssBANK0     00038
IOCAF2_SetInterruptHandler@InterruptHandler cstackBANK0  00065
TMR0_ISR@CountCallBack                      bssBANK0     00036
TMR0_SetInterruptHandler@InterruptHandler   cstackBANK0  00065
TMR1_ReadTimer@readVal                      cstackCOMMON 00077
TMR1_ReadTimer@readValHigh                  cstackCOMMON 00079
TMR1_ReadTimer@readValLow                   cstackCOMMON 0007A
TMR1_SetInterruptHandler@InterruptHandler   cstackBANK0  00065
TMR1_WriteTimer@timerVal                    cstackCOMMON 00070
TMR2_SetInterruptHandler@InterruptHandler   cstackBANK0  00065
_ADCON0                                     (abs)        0009D
_ADCON0bits                                 (abs)        0009D
_ADCON1                                     (abs)        0009E
_ADCON2                                     (abs)        0009F
_ADC_GetConversion                          text26       003F1
_ADC_Initialize                             text13       004BC
_ADRESH                                     (abs)        0009C
_ADRESL                                     (abs)        0009B
_ANSELA                                     (abs)        0018C
_ANSELC                                     (abs)        0018E
_APFCON                                     (abs)        0011D
_BORCON                                     (abs)        00116
_CM1CON0                                    (abs)        00111
_CM1CON1                                    (abs)        00112
_CMOUTbits                                  (abs)        00115
_CMP1_Initialize                            text12       00505
_INTCONbits                                 (abs)        0000B
_INTERRUPT_InterruptManager                 intentry     00004
_INT_RA2                                    text37       0021A
_INT_T2                                     text17       00043
_IOCAF2_DefaultInterruptHandler             text38       00520
_IOCAF2_ISR                                 text36       00482
_IOCAF2_InterruptHandler                    nvBANK0      0005B
_IOCAF2_SetInterruptHandler                 text10       004F3
_IOCAFbits                                  (abs)        00393
_IOCANbits                                  (abs)        00392
_IOCAPbits                                  (abs)        00391
_LATA                                       (abs)        0010C
_LATAbits                                   (abs)        0010C
_LATC                                       (abs)        0010E
_LATCbits                                   (abs)        0010E
_Motor_Rpm_Mode                             bssBANK0     0003A
_Motor_run_status                           bssBANK0     00039
_OPTION_REG                                 (abs)        00095
_OPTION_REGbits                             (abs)        00095
_OSCCON                                     (abs)        00099
_OSCILLATOR_Initialize                      text11       004F9
_PIE1bits                                   (abs)        00091
_PIN_MANAGER_IOC                            text35       0050A
_PIN_MANAGER_Initialize                     text9        003B5
_PIR1bits                                   (abs)        00011
_PORTAbits                                  (abs)        0000C
_PR2                                        (abs)        0001B
_SYSTEM_Initialize                          text1        00475
_T1CON                                      (abs)        00018
_T1CONbits                                  (abs)        00018
_T1GCON                                     (abs)        00019
_T1GCONbits                                 (abs)        00019
_T2CON                                      (abs)        0001C
_T2CONbits                                  (abs)        0001C
_TMR0                                       (abs)        00015
_TMR0_CallBack                              text32       004B1
_TMR0_DefaultInterruptHandler               text33       0051F
_TMR0_ISR                                   text31       00447
_TMR0_Initialize                            text7        00422
_TMR0_InterruptHandler                      nvBANK0      00059
_TMR0_SetInterruptHandler                   text8        004ED
_TMR1H                                      (abs)        00017
_TMR1L                                      (abs)        00016
_TMR1_CallBack                              text28       004A6
_TMR1_DefaultInterruptHandler               text29       0051E
_TMR1_ISR                                   text27       004C5
_TMR1_Initialize                            text5        0040A
_TMR1_InterruptHandler                      nvBANK0      00055
_TMR1_ReadTimer                             text23       003D4
_TMR1_Reload                                text22       004CE
_TMR1_SetInterruptHandler                   text6        004E7
_TMR1_StartTimer                            text40       0051A
_TMR1_StopTimer                             text21       00517
_TMR1_WriteTimer                            text39       00458
_TMR2                                       (abs)        0001A
_TMR2_CallBack                              text16       0049B
_TMR2_DefaultInterruptHandler               text18       0051D
_TMR2_ISR                                   text15       00513
_TMR2_Initialize                            text3        00436
_TMR2_InterruptHandler                      nvBANK0      00053
_TMR2_SetInterruptHandler                   text4        004E1
_TRISA                                      (abs)        0008C
_TRISC                                      (abs)        0008E
_Tmr0fuctionswitch                          dataBANK0    0004F
_WDTCON                                     (abs)        00097
_WDT_Initialize                             text2        0050F
_WPUA                                       (abs)        0020C
__CFG_BOREN$ON                              (abs)        00000
__CFG_BORV$LO                               (abs)        00000
__CFG_CLKOUTEN$OFF                          (abs)        00000
__CFG_CP$ON                                 (abs)        00000
__CFG_FOSC$INTOSC                           (abs)        00000
__CFG_LPBOR$OFF                             (abs)        00000
__CFG_LVP$ON                                (abs)        00000
__CFG_MCLRE$ON                              (abs)        00000
__CFG_PWRTE$OFF                             (abs)        00000
__CFG_STVREN$ON                             (abs)        00000
__CFG_WDTE$OFF                              (abs)        00000
__CFG_WRT$OFF                               (abs)        00000
__Habs1                                     abs1         00000
__Hbank0                                    bank0        00000
__Hbank1                                    bank1        00000
__Hbank10                                   bank10       00000
__Hbank11                                   bank11       00000
__Hbank12                                   bank12       00000
__Hbank13                                   bank13       00000
__Hbank14                                   bank14       00000
__Hbank15                                   bank15       00000
__Hbank16                                   bank16       00000
__Hbank17                                   bank17       00000
__Hbank18                                   bank18       00000
__Hbank19                                   bank19       00000
__Hbank2                                    bank2        00000
__Hbank20                                   bank20       00000
__Hbank21                                   bank21       00000
__Hbank22                                   bank22       00000
__Hbank23                                   bank23       00000
__Hbank24                                   bank24       00000
__Hbank25                                   bank25       00000
__Hbank26                                   bank26       00000
__Hbank27                                   bank27       00000
__Hbank28                                   bank28       00000
__Hbank29                                   bank29       00000
__Hbank3                                    bank3        00000
__Hbank30                                   bank30       00000
__Hbank31                                   bank31       00000
__Hbank4                                    bank4        00000
__Hbank5                                    bank5        00000
__Hbank6                                    bank6        00000
__Hbank7                                    bank7        00000
__Hbank8                                    bank8        00000
__Hbank9                                    bank9        00000
__Hbigram                                   bigram       00000
__HbssBANK0                                 bssBANK0     00000
__HbssBANK1                                 bssBANK1     00000
__Hcinit                                    cinit        00043
__Hclrtext                                  clrtext      00000
__Hcode                                     code         00000
__Hcommon                                   common       00000
__Hconfig                                   config       08009
__HcstackBANK0                              cstackBANK0  00000
__HcstackBANK1                              cstackBANK1  00000
__HcstackCOMMON                             cstackCOMMON 00000
__HdataBANK0                                dataBANK0    00000
__Heeprom_data                              eeprom_data  00000
__Hend_init                                 end_init     0002A
__Hfunctab                                  functab      00000
__HidataBANK0                               idataBANK0   00000
__Hidloc                                    idloc        00000
__Hinit                                     init         00029
__Hinittext                                 inittext     00000
__Hintentry                                 intentry     00029
__Hmaintext                                 maintext     00000
__HnvBANK0                                  nvBANK0      00000
__Hpowerup                                  powerup      00000
__Hram                                      ram          00000
__Hreset_vec                                reset_vec    00001
__Hsfr0                                     sfr0         00000
__Hsfr1                                     sfr1         00000
__Hsfr10                                    sfr10        00000
__Hsfr11                                    sfr11        00000
__Hsfr12                                    sfr12        00000
__Hsfr13                                    sfr13        00000
__Hsfr14                                    sfr14        00000
__Hsfr15                                    sfr15        00000
__Hsfr16                                    sfr16        00000
__Hsfr17                                    sfr17        00000
__Hsfr18                                    sfr18        00000
__Hsfr19                                    sfr19        00000
__Hsfr2                                     sfr2         00000
__Hsfr20                                    sfr20        00000
__Hsfr21                                    sfr21        00000
__Hsfr22                                    sfr22        00000
__Hsfr23                                    sfr23        00000
__Hsfr24                                    sfr24        00000
__Hsfr25                                    sfr25        00000
__Hsfr26                                    sfr26        00000
__Hsfr27                                    sfr27        00000
__Hsfr28                                    sfr28        00000
__Hsfr29                                    sfr29        00000
__Hsfr3                                     sfr3         00000
__Hsfr30                                    sfr30        00000
__Hsfr31                                    sfr31        00000
__Hsfr4                                     sfr4         00000
__Hsfr5                                     sfr5         00000
__Hsfr6                                     sfr6         00000
__Hsfr7                                     sfr7         00000
__Hsfr8                                     sfr8         00000
__Hsfr9                                     sfr9         00000
__Hspace_0                                  (abs)        08009
__Hspace_1                                  (abs)        000AA
__Hspace_2                                  (abs)        00000
__Hspace_3                                  (abs)        00000
__Hstack                                    stack        00000
__Hstrings                                  strings      00000
__Htext                                     text         00000
__Labs1                                     abs1         00000
__Lbank0                                    bank0        00000
__Lbank1                                    bank1        00000
__Lbank10                                   bank10       00000
__Lbank11                                   bank11       00000
__Lbank12                                   bank12       00000
__Lbank13                                   bank13       00000
__Lbank14                                   bank14       00000
__Lbank15                                   bank15       00000
__Lbank16                                   bank16       00000
__Lbank17                                   bank17       00000
__Lbank18                                   bank18       00000
__Lbank19                                   bank19       00000
__Lbank2                                    bank2        00000
__Lbank20                                   bank20       00000
__Lbank21                                   bank21       00000
__Lbank22                                   bank22       00000
__Lbank23                                   bank23       00000
__Lbank24                                   bank24       00000
__Lbank25                                   bank25       00000
__Lbank26                                   bank26       00000
__Lbank27                                   bank27       00000
__Lbank28                                   bank28       00000
__Lbank29                                   bank29       00000
__Lbank3                                    bank3        00000
__Lbank30                                   bank30       00000
__Lbank31                                   bank31       00000
__Lbank4                                    bank4        00000
__Lbank5                                    bank5        00000
__Lbank6                                    bank6        00000
__Lbank7                                    bank7        00000
__Lbank8                                    bank8        00000
__Lbank9                                    bank9        00000
__Lbigram                                   bigram       00000
__LbssBANK0                                 bssBANK0     00000
__LbssBANK1                                 bssBANK1     00000
__Lcinit                                    cinit        0002A
__Lclrtext                                  clrtext      00000
__Lcode                                     code         00000
__Lcommon                                   common       00000
__Lconfig                                   config       08007
__LcstackBANK0                              cstackBANK0  00000
__LcstackBANK1                              cstackBANK1  00000
__LcstackCOMMON                             cstackCOMMON 00000
__LdataBANK0                                dataBANK0    00000
__Leeprom_data                              eeprom_data  00000
__Lend_init                                 end_init     00029
__Lfunctab                                  functab      00000
__LidataBANK0                               idataBANK0   00000
__Lidloc                                    idloc        00000
__Linit                                     init         00029
__Linittext                                 inittext     00000
__Lintentry                                 intentry     00004
__Lmaintext                                 maintext     00000
__LnvBANK0                                  nvBANK0      00000
__Lpowerup                                  powerup      00000
__Lram                                      ram          00000
__Lreset_vec                                reset_vec    00000
__Lsfr0                                     sfr0         00000
__Lsfr1                                     sfr1         00000
__Lsfr10                                    sfr10        00000
__Lsfr11                                    sfr11        00000
__Lsfr12                                    sfr12        00000
__Lsfr13                                    sfr13        00000
__Lsfr14                                    sfr14        00000
__Lsfr15                                    sfr15        00000
__Lsfr16                                    sfr16        00000
__Lsfr17                                    sfr17        00000
__Lsfr18                                    sfr18        00000
__Lsfr19                                    sfr19        00000
__Lsfr2                                     sfr2         00000
__Lsfr20                                    sfr20        00000
__Lsfr21                                    sfr21        00000
__Lsfr22                                    sfr22        00000
__Lsfr23                                    sfr23        00000
__Lsfr24                                    sfr24        00000
__Lsfr25                                    sfr25        00000
__Lsfr26                                    sfr26        00000
__Lsfr27                                    sfr27        00000
__Lsfr28                                    sfr28        00000
__Lsfr29                                    sfr29        00000
__Lsfr3                                     sfr3         00000
__Lsfr30                                    sfr30        00000
__Lsfr31                                    sfr31        00000
__Lsfr4                                     sfr4         00000
__Lsfr5                                     sfr5         00000
__Lsfr6                                     sfr6         00000
__Lsfr7                                     sfr7         00000
__Lsfr8                                     sfr8         00000
__Lsfr9                                     sfr9         00000
__Lspace_0                                  (abs)        00000
__Lspace_1                                  (abs)        00000
__Lspace_2                                  (abs)        00000
__Lspace_3                                  (abs)        00000
__Lstack                                    stack        00000
__Lstrings                                  strings      00000
__Ltext                                     text         00000
__S0                                        (abs)        08009
__S1                                        (abs)        000AA
__S2                                        (abs)        00000
___int_sp                                   stack        00000
___latbits                                  (abs)        00000
___lwdiv                                    text25       00381
___lwdiv@counter                            cstackCOMMON 00077
___lwdiv@dividend                           cstackCOMMON 00072
___lwdiv@divisor                            cstackCOMMON 00070
___lwdiv@quotient                           cstackCOMMON 00075
___sp                                       stack        00000
__end_of_ADC_GetConversion                  text26       0040A
__end_of_ADC_Initialize                     text13       004C5
__end_of_CMP1_Initialize                    text12       0050A
__end_of_INTERRUPT_InterruptManager         intentry     00029
__end_of_INT_RA2                            text37       00275
__end_of_INT_T2                             text17       0021A
__end_of_IOCAF2_DefaultInterruptHandler     text38       00521
__end_of_IOCAF2_ISR                         text36       0048F
__end_of_IOCAF2_SetInterruptHandler         text10       004F9
__end_of_OSCILLATOR_Initialize              text11       004FF
__end_of_PIN_MANAGER_IOC                    text35       0050F
__end_of_PIN_MANAGER_Initialize             text9        003D4
__end_of_SYSTEM_Initialize                  text1        00482
__end_of_TMR0_CallBack                      text32       004BC
__end_of_TMR0_DefaultInterruptHandler       text33       00520
__end_of_TMR0_ISR                           text31       00458
__end_of_TMR0_Initialize                    text7        00436
__end_of_TMR0_SetInterruptHandler           text8        004F3
__end_of_TMR1_CallBack                      text28       004B1
__end_of_TMR1_DefaultInterruptHandler       text29       0051F
__end_of_TMR1_ISR                           text27       004CE
__end_of_TMR1_Initialize                    text5        00422
__end_of_TMR1_ReadTimer                     text23       003F1
__end_of_TMR1_Reload                        text22       004D5
__end_of_TMR1_SetInterruptHandler           text6        004ED
__end_of_TMR1_StartTimer                    text40       0051D
__end_of_TMR1_StopTimer                     text21       0051A
__end_of_TMR1_WriteTimer                    text39       00467
__end_of_TMR2_CallBack                      text16       004A6
__end_of_TMR2_DefaultInterruptHandler       text18       0051E
__end_of_TMR2_ISR                           text15       00517
__end_of_TMR2_Initialize                    text3        00447
__end_of_TMR2_SetInterruptHandler           text4        004E7
__end_of_WDT_Initialize                     text2        00513
__end_of___lwdiv                            text25       003B5
__end_of__initialization                    cinit        00040
__end_of_led_blink                          text24       002C6
__end_of_main                               maintext     0030C
__end_of_rpm_celiang                        text20       0034A
__end_of_tmr0reloadcnt                      text34       00381
__end_of_tmr1cnt_func_init                  text30       00505
__end_of_tmr1gate_func_init                 text19       00475
__initialization                            cinit        0002A
__pbssBANK0                                 bssBANK0     00020
__pbssBANK1                                 bssBANK1     000A0
__pcstackBANK0                              cstackBANK0  0005E
__pcstackBANK1                              cstackBANK1  000A8
__pcstackCOMMON                             cstackCOMMON 00070
__pdataBANK0                                dataBANK0    00047
__pidataBANK0                               idataBANK0   0048F
__pintentry                                 intentry     00004
__pmaintext                                 maintext     002C6
__pnvBANK0                                  nvBANK0      00053
__ptext1                                    text1        00475
__ptext10                                   text10       004F3
__ptext11                                   text11       004F9
__ptext12                                   text12       00505
__ptext13                                   text13       004BC
__ptext15                                   text15       00513
__ptext16                                   text16       0049B
__ptext17                                   text17       00043
__ptext18                                   text18       0051D
__ptext19                                   text19       00467
__ptext2                                    text2        0050F
__ptext20                                   text20       0030C
__ptext21                                   text21       00517
__ptext22                                   text22       004CE
__ptext23                                   text23       003D4
__ptext24                                   text24       00275
__ptext25                                   text25       00381
__ptext26                                   text26       003F1
__ptext27                                   text27       004C5
__ptext28                                   text28       004A6
__ptext29                                   text29       0051E
__ptext3                                    text3        00436
__ptext30                                   text30       004FF
__ptext31                                   text31       00447
__ptext32                                   text32       004B1
__ptext33                                   text33       0051F
__ptext34                                   text34       0034A
__ptext35                                   text35       0050A
__ptext36                                   text36       00482
__ptext37                                   text37       0021A
__ptext38                                   text38       00520
__ptext39                                   text39       00458
__ptext4                                    text4        004E1
__ptext40                                   text40       0051A
__ptext5                                    text5        0040A
__ptext6                                    text6        004E7
__ptext7                                    text7        00422
__ptext8                                    text8        004ED
__ptext9                                    text9        003B5
__size_of_ADC_GetConversion                 (abs)        00000
__size_of_ADC_Initialize                    (abs)        00000
__size_of_CMP1_Initialize                   (abs)        00000
__size_of_INTERRUPT_InterruptManager        (abs)        00000
__size_of_INT_RA2                           (abs)        00000
__size_of_INT_T2                            (abs)        00000
__size_of_IOCAF2_DefaultInterruptHandler    (abs)        00000
__size_of_IOCAF2_ISR                        (abs)        00000
__size_of_IOCAF2_SetInterruptHandler        (abs)        00000
__size_of_OSCILLATOR_Initialize             (abs)        00000
__size_of_PIN_MANAGER_IOC                   (abs)        00000
__size_of_PIN_MANAGER_Initialize            (abs)        00000
__size_of_SYSTEM_Initialize                 (abs)        00000
__size_of_TMR0_CallBack                     (abs)        00000
__size_of_TMR0_DefaultInterruptHandler      (abs)        00000
__size_of_TMR0_ISR                          (abs)        00000
__size_of_TMR0_Initialize                   (abs)        00000
__size_of_TMR0_SetInterruptHandler          (abs)        00000
__size_of_TMR1_CallBack                     (abs)        00000
__size_of_TMR1_DefaultInterruptHandler      (abs)        00000
__size_of_TMR1_ISR                          (abs)        00000
__size_of_TMR1_Initialize                   (abs)        00000
__size_of_TMR1_ReadTimer                    (abs)        00000
__size_of_TMR1_Reload                       (abs)        00000
__size_of_TMR1_SetInterruptHandler          (abs)        00000
__size_of_TMR1_StartTimer                   (abs)        00000
__size_of_TMR1_StopTimer                    (abs)        00000
__size_of_TMR1_WriteTimer                   (abs)        00000
__size_of_TMR2_CallBack                     (abs)        00000
__size_of_TMR2_DefaultInterruptHandler      (abs)        00000
__size_of_TMR2_ISR                          (abs)        00000
__size_of_TMR2_Initialize                   (abs)        00000
__size_of_TMR2_SetInterruptHandler          (abs)        00000
__size_of_WDT_Initialize                    (abs)        00000
__size_of___lwdiv                           (abs)        00000
__size_of_led_blink                         (abs)        00000
__size_of_main                              (abs)        00000
__size_of_rpm_celiang                       (abs)        00000
__size_of_tmr0reloadcnt                     (abs)        00000
__size_of_tmr1cnt_func_init                 (abs)        00000
__size_of_tmr1gate_func_init                (abs)        00000
_carbonbrushoutcnt                          bssBANK0     00041
_cmp1cnt                                    bssBANK0     00024
_cnt                                        bssBANK0     00020
_cnt_adc                                    dataBANK0    0004B
_cnt_rpmcapture                             bssBANK0     00022
_count                                      bssBANK0     00045
_count_sta                                  bssBANK0     00044
_flag_L1                                    dataBANK0    00050
_flag_L2                                    bssBANK0     0003D
_flag_blink                                 bssBANK0     0003C
_init_flag                                  dataBANK0    00051
_led_blink                                  text24       00275
_main                                       maintext     002C6
_overheatcnt                                bssBANK0     00042
_ra2sta                                     bssBANK0     00043
_reloading_val                              dataBANK0    00047
_rpm_celiang                                text20       0030C
_start_switchpushflag                       dataBANK0    00052
_switch_count                               bssBANK0     00040
_t0_tick                                    bssBANK0     00026
_t1_last_tick                               bssBANK0     00028
_t2_last_tick                               bssBANK0     0002A
_timer0ReloadVal                            nvBANK0      0005D
_timer1ReloadVal                            nvBANK0      00057
_tmr0cnt                                    bssBANK0     0002C
_tmr0reloadcnt                              text34       0034A
_tmr1cnt_func_init                          text30       004FF
_tmr1gate_func_init                         text19       00467
_trigger                                    bssBANK0     00046
_v_adj                                      bssBANK0     00034
_v_adj_filter                               bssBANK1     000A0
_v_adj_slow                                 dataBANK0    00049
_v_ntc                                      bssBANK0     00032
_v_test                                     dataBANK0    0004D
btemp                                       (abs)        0007E
clear_ram0                                  clrtext      004DB
end_of_initialization                       cinit        00040
init_ram                                    inittext     004D5
int$flags                                   (abs)        0007E
intlevel0                                   functab      00000
intlevel1                                   functab      00000
intlevel2                                   functab      00000
intlevel3                                   functab      00000
intlevel4                                   functab      00000
intlevel5                                   functab      00000
reset_vec                                   reset_vec    00000
rpm_celiang@a                               cstackBANK0  0005E
stackhi                                     (abs)        0206F
stacklo                                     (abs)        0205A
start                                       init         00029
start_initialization                        cinit        0002A
wtemp0                                      (abs)        0007E


FUNCTION INFORMATION:

 *************** function _main *****************
 Defined at:
		line 560 in file "main.c"
 Parameters:    Size  Location     Type
		None
 Auto vars:     Size  Location     Type
		None
 Return value:  Size  Location     Type
                  1    wreg      void 
 Registers used:
		wreg, status,2, status,0, pclath, cstack
 Tracked objects:
		On entry : 
		On exit  : 
		Unchanged: 
 Data sizes:     COMMON   BANK0   BANK1
      Params:         0       0       0
      Locals:         0       0       0
      Temps:          0       0       2
      Totals:         0       0       2
Total ram usage:        2 bytes
 Hardware stack levels required when called:   10
 This function calls:
		_IOCAF2_SetInterruptHandler
		_SYSTEM_Initialize
		_TMR0_SetInterruptHandler
		_TMR1_SetInterruptHandler
		_TMR2_SetInterruptHandler
 This function is called by:
		Startup code after reset
 This function uses a non-reentrant model


 *************** function _SYSTEM_Initialize *****************
 Defined at:
		line 50 in file "mcc_generated_files/mcc.c"
 Parameters:    Size  Location     Type
		None
 Auto vars:     Size  Location     Type
		None
 Return value:  Size  Location     Type
                  1    wreg      void 
 Registers used:
		wreg, status,2, status,0, pclath, cstack
 Tracked objects:
		On entry : 
		On exit  : 
		Unchanged: 
 Data sizes:     COMMON   BANK0   BANK1
      Params:         0       0       0
      Locals:         0       0       0
      Temps:          0       0       0
      Totals:         0       0       0
Total ram usage:        0 bytes
 Hardware stack levels used:    1
 Hardware stack levels required when called:    9
 This function calls:
		_ADC_Initialize
		_CMP1_Initialize
		_OSCILLATOR_Initialize
		_PIN_MANAGER_Initialize
		_TMR0_Initialize
		_TMR1_Initialize
		_TMR2_Initialize
		_WDT_Initialize
 This function is called by:
		_main
 This function uses a non-reentrant model


 *************** function _WDT_Initialize *****************
 Defined at:
		line 75 in file "mcc_generated_files/mcc.c"
 Parameters:    Size  Location     Type
		None
 Auto vars:     Size  Location     Type
		None
 Return value:  Size  Location     Type
                  1    wreg      void 
 Registers used:
		wreg
 Tracked objects:
		On entry : 
		On exit  : 
		Unchanged: 
 Data sizes:     COMMON   BANK0   BANK1
      Params:         0       0       0
      Locals:         0       0       0
      Temps:          0       0       0
      Totals:         0       0       0
Total ram usage:        0 bytes
 Hardware stack levels used:    1
 Hardware stack levels required when called:    7
 This function calls:
		Nothing
 This function is called by:
		_SYSTEM_Initialize
 This function uses a non-reentrant model


 *************** function _TMR2_Initialize *****************
 Defined at:
		line 64 in file "mcc_generated_files/tmr2.c"
 Parameters:    Size  Location     Type
		None
 Auto vars:     Size  Location     Type
		None
 Return value:  Size  Location     Type
                  1    wreg      void 
 Registers used:
		wreg, status,2, status,0, pclath, cstack
 Tracked objects:
		On entry : 
		On exit  : 
		Unchanged: 
 Data sizes:     COMMON   BANK0   BANK1
      Params:         0       0       0
      Locals:         0       0       0
      Temps:          0       0       0
      Totals:         0       0       0
Total ram usage:        0 bytes
 Hardware stack levels used:    1
 Hardware stack levels required when called:    8
 This function calls:
		_TMR2_SetInterruptHandler
 This function is called by:
		_SYSTEM_Initialize
 This function uses a non-reentrant model


 *************** function _TMR2_SetInterruptHandler *****************
 Defined at:
		line 140 in file "mcc_generated_files/tmr2.c"
 Parameters:    Size  Location     Type
  InterruptHan    2    7[BANK0 ] PTR FTN()void 
		 -> INT_T2(1), TMR2_DefaultInterruptHandler(1), 
 Auto vars:     Size  Location     Type
		None
 Return value:  Size  Location     Type
                  1    wreg      void 
 Registers used:
		wreg
 Tracked objects:
		On entry : 
		On exit  : 
		Unchanged: 
 Data sizes:     COMMON   BANK0   BANK1
      Params:         0       2       0
      Locals:         0       0       0
      Temps:          0       0       0
      Totals:         0       2       0
Total ram usage:        2 bytes
 Hardware stack levels used:    1
 Hardware stack levels required when called:    7
 This function calls:
		Nothing
 This function is called by:
		_TMR2_Initialize
		_main
 This function uses a non-reentrant model


 *************** function _TMR1_Initialize *****************
 Defined at:
		line 64 in file "mcc_generated_files/tmr1.c"
 Parameters:    Size  Location     Type
		None
 Auto vars:     Size  Location     Type
		None
 Return value:  Size  Location     Type
                  1    wreg      void 
 Registers used:
		wreg, status,2, status,0, pclath, cstack
 Tracked objects:
		On entry : 
		On exit  : 
		Unchanged: 
 Data sizes:     COMMON   BANK0   BANK1
      Params:         0       0       0
      Locals:         0       0       0
      Temps:          0       0       0
      Totals:         0       0       0
Total ram usage:        0 bytes
 Hardware stack levels used:    1
 Hardware stack levels required when called:    8
 This function calls:
		_TMR1_SetInterruptHandler
 This function is called by:
		_SYSTEM_Initialize
 This function uses a non-reentrant model


 *************** function _TMR1_SetInterruptHandler *****************
 Defined at:
		line 178 in file "mcc_generated_files/tmr1.c"
 Parameters:    Size  Location     Type
  InterruptHan    2    7[BANK0 ] PTR FTN()void 
		 -> tmr1cnt_func_init(1), TMR1_DefaultInterruptHandler(1), 
 Auto vars:     Size  Location     Type
		None
 Return value:  Size  Location     Type
                  1    wreg      void 
 Registers used:
		wreg
 Tracked objects:
		On entry : 
		On exit  : 
		Unchanged: 
 Data sizes:     COMMON   BANK0   BANK1
      Params:         0       2       0
      Locals:         0       0       0
      Temps:          0       0       0
      Totals:         0       2       0
Total ram usage:        2 bytes
 Hardware stack levels used:    1
 Hardware stack levels required when called:    7
 This function calls:
		Nothing
 This function is called by:
		_TMR1_Initialize
		_main
 This function uses a non-reentrant model


 *************** function _TMR0_Initialize *****************
 Defined at:
		line 64 in file "mcc_generated_files/tmr0.c"
 Parameters:    Size  Location     Type
		None
 Auto vars:     Size  Location     Type
		None
 Return value:  Size  Location     Type
                  1    wreg      void 
 Registers used:
		wreg, status,2, status,0, pclath, cstack
 Tracked objects:
		On entry : 
		On exit  : 
		Unchanged: 
 Data sizes:     COMMON   BANK0   BANK1
      Params:         0       0       0
      Locals:         0       0       0
      Temps:          0       1       0
      Totals:         0       1       0
Total ram usage:        1 bytes
 Hardware stack levels used:    1
 Hardware stack levels required when called:    8
 This function calls:
		_TMR0_SetInterruptHandler
 This function is called by:
		_SYSTEM_Initialize
 This function uses a non-reentrant model


 *************** function _TMR0_SetInterruptHandler *****************
 Defined at:
		line 140 in file "mcc_generated_files/tmr0.c"
 Parameters:    Size  Location     Type
  InterruptHan    2    7[BANK0 ] PTR FTN()void 
		 -> tmr0reloadcnt(1), TMR0_DefaultInterruptHandler(1), 
 Auto vars:     Size  Location     Type
		None
 Return value:  Size  Location     Type
                  1    wreg      void 
 Registers used:
		wreg
 Tracked objects:
		On entry : 
		On exit  : 
		Unchanged: 
 Data sizes:     COMMON   BANK0   BANK1
      Params:         0       2       0
      Locals:         0       0       0
      Temps:          0       0       0
      Totals:         0       2       0
Total ram usage:        2 bytes
 Hardware stack levels used:    1
 Hardware stack levels required when called:    7
 This function calls:
		Nothing
 This function is called by:
		_TMR0_Initialize
		_main
 This function uses a non-reentrant model


 *************** function _PIN_MANAGER_Initialize *****************
 Defined at:
		line 57 in file "mcc_generated_files/pin_manager.c"
 Parameters:    Size  Location     Type
		None
 Auto vars:     Size  Location     Type
		None
 Return value:  Size  Location     Type
                  1    wreg      void 
 Registers used:
		wreg, status,2, status,0, pclath, cstack
 Tracked objects:
		On entry : 
		On exit  : 
		Unchanged: 
 Data sizes:     COMMON   BANK0   BANK1
      Params:         0       0       0
      Locals:         0       0       0
      Temps:          0       0       0
      Totals:         0       0       0
Total ram usage:        0 bytes
 Hardware stack levels used:    1
 Hardware stack levels required when called:    8
 This function calls:
		_IOCAF2_SetInterruptHandler
 This function is called by:
		_SYSTEM_Initialize
 This function uses a non-reentrant model


 *************** function _IOCAF2_SetInterruptHandler *****************
 Defined at:
		line 137 in file "mcc_generated_files/pin_manager.c"
 Parameters:    Size  Location     Type
  InterruptHan    2    7[BANK0 ] PTR FTN()void 
		 -> INT_RA2(1), IOCAF2_DefaultInterruptHandler(1), 
 Auto vars:     Size  Location     Type
		None
 Return value:  Size  Location     Type
                  1    wreg      void 
 Registers used:
		wreg
 Tracked objects:
		On entry : 
		On exit  : 
		Unchanged: 
 Data sizes:     COMMON   BANK0   BANK1
      Params:         0       2       0
      Locals:         0       0       0
      Temps:          0       0       0
      Totals:         0       2       0
Total ram usage:        2 bytes
 Hardware stack levels used:    1
 Hardware stack levels required when called:    7
 This function calls:
		Nothing
 This function is called by:
		_PIN_MANAGER_Initialize
		_main
 This function uses a non-reentrant model


 *************** function _OSCILLATOR_Initialize *****************
 Defined at:
		line 67 in file "mcc_generated_files/mcc.c"
 Parameters:    Size  Location     Type
		None
 Auto vars:     Size  Location     Type
		None
 Return value:  Size  Location     Type
                  1    wreg      void 
 Registers used:
		wreg, status,2
 Tracked objects:
		On entry : 
		On exit  : 
		Unchanged: 
 Data sizes:     COMMON   BANK0   BANK1
      Params:         0       0       0
      Locals:         0       0       0
      Temps:          0       0       0
      Totals:         0       0       0
Total ram usage:        0 bytes
 Hardware stack levels used:    1
 Hardware stack levels required when called:    7
 This function calls:
		Nothing
 This function is called by:
		_SYSTEM_Initialize
 This function uses a non-reentrant model


 *************** function _CMP1_Initialize *****************
 Defined at:
		line 58 in file "mcc_generated_files/cmp1.c"
 Parameters:    Size  Location     Type
		None
 Auto vars:     Size  Location     Type
		None
 Return value:  Size  Location     Type
                  1    wreg      void 
 Registers used:
		wreg, status,2
 Tracked objects:
		On entry : 
		On exit  : 
		Unchanged: 
 Data sizes:     COMMON   BANK0   BANK1
      Params:         0       0       0
      Locals:         0       0       0
      Temps:          0       0       0
      Totals:         0       0       0
Total ram usage:        0 bytes
 Hardware stack levels used:    1
 Hardware stack levels required when called:    7
 This function calls:
		Nothing
 This function is called by:
		_SYSTEM_Initialize
 This function uses a non-reentrant model


 *************** function _ADC_Initialize *****************
 Defined at:
		line 65 in file "mcc_generated_files/adc.c"
 Parameters:    Size  Location     Type
		None
 Auto vars:     Size  Location     Type
		None
 Return value:  Size  Location     Type
                  1    wreg      void 
 Registers used:
		wreg, status,2
 Tracked objects:
		On entry : 
		On exit  : 
		Unchanged: 
 Data sizes:     COMMON   BANK0   BANK1
      Params:         0       0       0
      Locals:         0       0       0
      Temps:          0       0       0
      Totals:         0       0       0
Total ram usage:        0 bytes
 Hardware stack levels used:    1
 Hardware stack levels required when called:    7
 This function calls:
		Nothing
 This function is called by:
		_SYSTEM_Initialize
 This function uses a non-reentrant model


 *************** function _INTERRUPT_InterruptManager *****************
 Defined at:
		line 52 in file "mcc_generated_files/interrupt_manager.c"
 Parameters:    Size  Location     Type
		None
 Auto vars:     Size  Location     Type
		None
 Return value:  Size  Location     Type
                  1    wreg      void 
 Registers used:
		wreg, fsr1l, fsr1h, status,2, status,0, pclath, cstack
 Tracked objects:
		On entry : 
		On exit  : 
		Unchanged: 
 Data sizes:     COMMON   BANK0   BANK1
      Params:         0       0       0
      Locals:         0       0       0
      Temps:          0       1       0
      Totals:         0       1       0
Total ram usage:        1 bytes
 Hardware stack levels used:    1
 Hardware stack levels required when called:    6
 This function calls:
		_PIN_MANAGER_IOC
		_TMR0_ISR
		_TMR1_ISR
		_TMR2_ISR
 This function is called by:
		Interrupt level 1
 This function uses a non-reentrant model


 *************** function _TMR2_ISR *****************
 Defined at:
		line 119 in file "mcc_generated_files/tmr2.c"
 Parameters:    Size  Location     Type
		None
 Auto vars:     Size  Location     Type
		None
 Return value:  Size  Location     Type
                  1    wreg      void 
 Registers used:
		wreg, fsr1l, fsr1h, status,2, status,0, pclath, cstack
 Tracked objects:
		On entry : 
		On exit  : 
		Unchanged: 
 Data sizes:     COMMON   BANK0   BANK1
      Params:         0       0       0
      Locals:         0       0       0
      Temps:          0       0       0
      Totals:         0       0       0
Total ram usage:        0 bytes
 Hardware stack levels used:    1
 Hardware stack levels required when called:    5
 This function calls:
		_TMR2_CallBack
 This function is called by:
		_INTERRUPT_InterruptManager
 This function uses a non-reentrant model


 *************** function _TMR2_CallBack *****************
 Defined at:
		line 130 in file "mcc_generated_files/tmr2.c"
 Parameters:    Size  Location     Type
		None
 Auto vars:     Size  Location     Type
		None
 Return value:  Size  Location     Type
                  1    wreg      void 
 Registers used:
		wreg, fsr1l, fsr1h, status,2, status,0, pclath, cstack
 Tracked objects:
		On entry : 
		On exit  : 
		Unchanged: 
 Data sizes:     COMMON   BANK0   BANK1
      Params:         0       0       0
      Locals:         0       0       0
      Temps:          0       0       0
      Totals:         0       0       0
Total ram usage:        0 bytes
 Hardware stack levels used:    1
 Hardware stack levels required when called:    4
 This function calls:
		Absolute function
		_INT_T2
		_TMR2_DefaultInterruptHandler
 This function is called by:
		_TMR2_ISR
 This function uses a non-reentrant model


 *************** function _INT_T2 *****************
 Defined at:
		line 146 in file "main.c"
 Parameters:    Size  Location     Type
		None
 Auto vars:     Size  Location     Type
  i               1   13[COMMON] unsigned char 
 Return value:  Size  Location     Type
                  1    wreg      void 
 Registers used:
		wreg, fsr1l, fsr1h, status,2, status,0, pclath, cstack
 Tracked objects:
		On entry : 
		On exit  : 
		Unchanged: 
 Data sizes:     COMMON   BANK0   BANK1
      Params:         0       0       0
      Locals:         1       0       0
      Temps:          0       4       0
      Totals:         1       4       0
Total ram usage:        5 bytes
 Hardware stack levels used:    1
 Hardware stack levels required when called:    3
 This function calls:
		_ADC_GetConversion
		___lwdiv
		_led_blink
		_rpm_celiang
		_tmr1gate_func_init
 This function is called by:
		_main
		_TMR2_CallBack
 This function uses a non-reentrant model


 *************** function _TMR2_DefaultInterruptHandler *****************
 Defined at:
		line 144 in file "mcc_generated_files/tmr2.c"
 Parameters:    Size  Location     Type
		None
 Auto vars:     Size  Location     Type
		None
 Return value:  Size  Location     Type
                  1    wreg      void 
 Registers used:
		None
 Tracked objects:
		On entry : 
		On exit  : 
		Unchanged: 
 Data sizes:     COMMON   BANK0   BANK1
      Params:         0       0       0
      Locals:         0       0       0
      Temps:          0       0       0
      Totals:         0       0       0
Total ram usage:        0 bytes
 Hardware stack levels used:    1
 This function calls:
		Nothing
 This function is called by:
		_TMR2_Initialize
		_TMR2_CallBack
 This function uses a non-reentrant model


 *************** function _tmr1gate_func_init *****************
 Defined at:
		line 603 in file "main.c"
 Parameters:    Size  Location     Type
		None
 Auto vars:     Size  Location     Type
		None
 Return value:  Size  Location     Type
                  1    wreg      void 
 Registers used:
		wreg, status,2, status,0, pclath, cstack
 Tracked objects:
		On entry : 
		On exit  : 
		Unchanged: 
 Data sizes:     COMMON   BANK0   BANK1
      Params:         0       0       0
      Locals:         0       0       0
      Temps:          0       0       0
      Totals:         0       0       0
Total ram usage:        0 bytes
 Hardware stack levels used:    1
 Hardware stack levels required when called:    1
 This function calls:
		_TMR1_WriteTimer
 This function is called by:
		_INT_T2
 This function uses a non-reentrant model


 *************** function _rpm_celiang *****************
 Defined at:
		line 681 in file "main.c"
 Parameters:    Size  Location     Type
		None
 Auto vars:     Size  Location     Type
  a               2    0[BANK0 ] unsigned int 
 Return value:  Size  Location     Type
                  2   11[COMMON] unsigned int 
 Registers used:
		wreg, status,2, status,0, pclath, cstack
 Tracked objects:
		On entry : 
		On exit  : 
		Unchanged: 
 Data sizes:     COMMON   BANK0   BANK1
      Params:         2       0       0
      Locals:         0       2       0
      Temps:          0       0       0
      Totals:         2       2       0
Total ram usage:        4 bytes
 Hardware stack levels used:    1
 Hardware stack levels required when called:    2
 This function calls:
		_TMR1_ReadTimer
		_TMR1_Reload
		_TMR1_StartTimer
		_TMR1_StopTimer
		_TMR1_WriteTimer
 This function is called by:
		_INT_T2
 This function uses a non-reentrant model


 *************** function _TMR1_StopTimer *****************
 Defined at:
		line 99 in file "mcc_generated_files/tmr1.c"
 Parameters:    Size  Location     Type
		None
 Auto vars:     Size  Location     Type
		None
 Return value:  Size  Location     Type
                  1    wreg      void 
 Registers used:
		None
 Tracked objects:
		On entry : 
		On exit  : 
		Unchanged: 
 Data sizes:     COMMON   BANK0   BANK1
      Params:         0       0       0
      Locals:         0       0       0
      Temps:          0       0       0
      Totals:         0       0       0
Total ram usage:        0 bytes
 Hardware stack levels used:    1
 This function calls:
		Nothing
 This function is called by:
		_rpm_celiang
 This function uses a non-reentrant model


 *************** function _TMR1_Reload *****************
 Defined at:
		line 142 in file "mcc_generated_files/tmr1.c"
 Parameters:    Size  Location     Type
		None
 Auto vars:     Size  Location     Type
		None
 Return value:  Size  Location     Type
                  1    wreg      void 
 Registers used:
		wreg, status,2, status,0, pclath, cstack
 Tracked objects:
		On entry : 
		On exit  : 
		Unchanged: 
 Data sizes:     COMMON   BANK0   BANK1
      Params:         0       0       0
      Locals:         0       0       0
      Temps:          0       0       0
      Totals:         0       0       0
Total ram usage:        0 bytes
 Hardware stack levels used:    1
 Hardware stack levels required when called:    1
 This function calls:
		_TMR1_WriteTimer
 This function is called by:
		_rpm_celiang
 This function uses a non-reentrant model


 *************** function _TMR1_ReadTimer *****************
 Defined at:
		line 105 in file "mcc_generated_files/tmr1.c"
 Parameters:    Size  Location     Type
		None
 Auto vars:     Size  Location     Type
  readVal         2    7[COMMON] unsigned int 
  readValLow      1   10[COMMON] unsigned char 
  readValHigh     1    9[COMMON] unsigned char 
 Return value:  Size  Location     Type
                  2    0[COMMON] unsigned int 
 Registers used:
		wreg
 Tracked objects:
		On entry : 
		On exit  : 
		Unchanged: 
 Data sizes:     COMMON   BANK0   BANK1
      Params:         2       0       0
      Locals:         4       0       0
      Temps:          5       0       0
      Totals:        11       0       0
Total ram usage:       11 bytes
 Hardware stack levels used:    1
 This function calls:
		Nothing
 This function is called by:
		_rpm_celiang
 This function uses a non-reentrant model


 *************** function _led_blink *****************
 Defined at:
		line 723 in file "main.c"
 Parameters:    Size  Location     Type
		None
 Auto vars:     Size  Location     Type
		None
 Return value:  Size  Location     Type
                  1    wreg      void 
 Registers used:
		wreg, status,2, status,0
 Tracked objects:
		On entry : 
		On exit  : 
		Unchanged: 
 Data sizes:     COMMON   BANK0   BANK1
      Params:         0       0       0
      Locals:         0       0       0
      Temps:          0       0       0
      Totals:         0       0       0
Total ram usage:        0 bytes
 Hardware stack levels used:    1
 This function calls:
		Nothing
 This function is called by:
		_INT_T2
 This function uses a non-reentrant model


 *************** function ___lwdiv *****************
 Defined at:
		line 6 in file "C:\Program Files (x86)\Microchip\xc8\v1.42\sources\common\lwdiv.c"
 Parameters:    Size  Location     Type
  divisor         2    0[COMMON] unsigned int 
  dividend        2    2[COMMON] unsigned int 
 Auto vars:     Size  Location     Type
  quotient        2    5[COMMON] unsigned int 
  counter         1    7[COMMON] unsigned char 
 Return value:  Size  Location     Type
                  2    0[COMMON] unsigned int 
 Registers used:
		wreg, status,2, status,0
 Tracked objects:
		On entry : 
		On exit  : 
		Unchanged: 
 Data sizes:     COMMON   BANK0   BANK1
      Params:         4       0       0
      Locals:         3       0       0
      Temps:          1       0       0
      Totals:         8       0       0
Total ram usage:        8 bytes
 Hardware stack levels used:    1
 This function calls:
		Nothing
 This function is called by:
		_INT_T2
 This function uses a non-reentrant model


 *************** function _ADC_GetConversion *****************
 Defined at:
		line 113 in file "mcc_generated_files/adc.c"
 Parameters:    Size  Location     Type
  channel         1    wreg     enum E2935
 Auto vars:     Size  Location     Type
  channel         1    3[COMMON] enum E2935
 Return value:  Size  Location     Type
                  2    0[COMMON] unsigned int 
 Registers used:
		wreg, status,2, status,0
 Tracked objects:
		On entry : 
		On exit  : 
		Unchanged: 
 Data sizes:     COMMON   BANK0   BANK1
      Params:         2       0       0
      Locals:         1       0       0
      Temps:          1       0       0
      Totals:         4       0       0
Total ram usage:        4 bytes
 Hardware stack levels used:    1
 This function calls:
		Nothing
 This function is called by:
		_INT_T2
 This function uses a non-reentrant model


 *************** function _TMR1_ISR *****************
 Defined at:
		line 157 in file "mcc_generated_files/tmr1.c"
 Parameters:    Size  Location     Type
		None
 Auto vars:     Size  Location     Type
		None
 Return value:  Size  Location     Type
                  1    wreg      void 
 Registers used:
		wreg, status,2, status,0, pclath, cstack
 Tracked objects:
		On entry : 
		On exit  : 
		Unchanged: 
 Data sizes:     COMMON   BANK0   BANK1
      Params:         0       0       0
      Locals:         0       0       0
      Temps:          0       0       0
      Totals:         0       0       0
Total ram usage:        0 bytes
 Hardware stack levels used:    1
 Hardware stack levels required when called:    2
 This function calls:
		_TMR1_CallBack
		_TMR1_WriteTimer
 This function is called by:
		_INTERRUPT_InterruptManager
 This function uses a non-reentrant model


 *************** function _TMR1_CallBack *****************
 Defined at:
		line 169 in file "mcc_generated_files/tmr1.c"
 Parameters:    Size  Location     Type
		None
 Auto vars:     Size  Location     Type
		None
 Return value:  Size  Location     Type
                  1    wreg      void 
 Registers used:
		wreg, status,2, status,0, pclath, cstack
 Tracked objects:
		On entry : 
		On exit  : 
		Unchanged: 
 Data sizes:     COMMON   BANK0   BANK1
      Params:         0       0       0
      Locals:         0       0       0
      Temps:          0       0       0
      Totals:         0       0       0
Total ram usage:        0 bytes
 Hardware stack levels used:    1
 Hardware stack levels required when called:    1
 This function calls:
		Absolute function
		_TMR1_DefaultInterruptHandler
		_tmr1cnt_func_init
 This function is called by:
		_TMR1_ISR
 This function uses a non-reentrant model


 *************** function _TMR1_DefaultInterruptHandler *****************
 Defined at:
		line 182 in file "mcc_generated_files/tmr1.c"
 Parameters:    Size  Location     Type
		None
 Auto vars:     Size  Location     Type
		None
 Return value:  Size  Location     Type
                  1    wreg      void 
 Registers used:
		None
 Tracked objects:
		On entry : 
		On exit  : 
		Unchanged: 
 Data sizes:     COMMON   BANK0   BANK1
      Params:         0       0       0
      Locals:         0       0       0
      Temps:          0       0       0
      Totals:         0       0       0
Total ram usage:        0 bytes
 Hardware stack levels used:    1
 This function calls:
		Nothing
 This function is called by:
		_TMR1_Initialize
		_TMR1_CallBack
 This function uses a non-reentrant model


 *************** function _tmr1cnt_func_init *****************
 Defined at:
		line 619 in file "main.c"
 Parameters:    Size  Location     Type
		None
 Auto vars:     Size  Location     Type
		None
 Return value:  Size  Location     Type
                  1    wreg      void 
 Registers used:
		None
 Tracked objects:
		On entry : 
		On exit  : 
		Unchanged: 
 Data sizes:     COMMON   BANK0   BANK1
      Params:         0       0       0
      Locals:         0       0       0
      Temps:          0       0       0
      Totals:         0       0       0
Total ram usage:        0 bytes
 Hardware stack levels used:    1
 This function calls:
		Nothing
 This function is called by:
		_main
		_TMR1_CallBack
 This function uses a non-reentrant model


 *************** function _TMR0_ISR *****************
 Defined at:
		line 108 in file "mcc_generated_files/tmr0.c"
 Parameters:    Size  Location     Type
		None
 Auto vars:     Size  Location     Type
		None
 Return value:  Size  Location     Type
                  1    wreg      void 
 Registers used:
		wreg, status,2, status,0, pclath, cstack
 Tracked objects:
		On entry : 
		On exit  : 
		Unchanged: 
 Data sizes:     COMMON   BANK0   BANK1
      Params:         0       0       0
      Locals:         0       0       0
      Temps:          0       0       0
      Totals:         0       0       0
Total ram usage:        0 bytes
 Hardware stack levels used:    1
 Hardware stack levels required when called:    3
 This function calls:
		_TMR0_CallBack
 This function is called by:
		_INTERRUPT_InterruptManager
 This function uses a non-reentrant model


 *************** function _TMR0_CallBack *****************
 Defined at:
		line 130 in file "mcc_generated_files/tmr0.c"
 Parameters:    Size  Location     Type
		None
 Auto vars:     Size  Location     Type
		None
 Return value:  Size  Location     Type
                  1    wreg      void 
 Registers used:
		wreg, status,2, status,0, pclath, cstack
 Tracked objects:
		On entry : 
		On exit  : 
		Unchanged: 
 Data sizes:     COMMON   BANK0   BANK1
      Params:         0       0       0
      Locals:         0       0       0
      Temps:          0       0       0
      Totals:         0       0       0
Total ram usage:        0 bytes
 Hardware stack levels used:    1
 Hardware stack levels required when called:    2
 This function calls:
		Absolute function
		_TMR0_DefaultInterruptHandler
		_tmr0reloadcnt
 This function is called by:
		_TMR0_ISR
 This function uses a non-reentrant model


 *************** function _TMR0_DefaultInterruptHandler *****************
 Defined at:
		line 144 in file "mcc_generated_files/tmr0.c"
 Parameters:    Size  Location     Type
		None
 Auto vars:     Size  Location     Type
		None
 Return value:  Size  Location     Type
                  1    wreg      void 
 Registers used:
		None
 Tracked objects:
		On entry : 
		On exit  : 
		Unchanged: 
 Data sizes:     COMMON   BANK0   BANK1
      Params:         0       0       0
      Locals:         0       0       0
      Temps:          0       0       0
      Totals:         0       0       0
Total ram usage:        0 bytes
 Hardware stack levels used:    1
 This function calls:
		Nothing
 This function is called by:
		_TMR0_Initialize
		_TMR0_CallBack
 This function uses a non-reentrant model


 *************** function _tmr0reloadcnt *****************
 Defined at:
		line 631 in file "main.c"
 Parameters:    Size  Location     Type
		None
 Auto vars:     Size  Location     Type
		None
 Return value:  Size  Location     Type
                  1    wreg      void 
 Registers used:
		wreg, status,2, status,0, pclath, cstack
 Tracked objects:
		On entry : 
		On exit  : 
		Unchanged: 
 Data sizes:     COMMON   BANK0   BANK1
      Params:         0       0       0
      Locals:         0       0       0
      Temps:          1       0       0
      Totals:         1       0       0
Total ram usage:        1 bytes
 Hardware stack levels used:    1
 Hardware stack levels required when called:    1
 This function calls:
		_TMR1_WriteTimer
 This function is called by:
		_main
		_TMR0_CallBack
 This function uses a non-reentrant model


 *************** function _PIN_MANAGER_IOC *****************
 Defined at:
		line 110 in file "mcc_generated_files/pin_manager.c"
 Parameters:    Size  Location     Type
		None
 Auto vars:     Size  Location     Type
		None
 Return value:  Size  Location     Type
                  1    wreg      void 
 Registers used:
		wreg, status,2, status,0, pclath, cstack
 Tracked objects:
		On entry : 
		On exit  : 
		Unchanged: 
 Data sizes:     COMMON   BANK0   BANK1
      Params:         0       0       0
      Locals:         0       0       0
      Temps:          0       0       0
      Totals:         0       0       0
Total ram usage:        0 bytes
 Hardware stack levels used:    1
 Hardware stack levels required when called:    3
 This function calls:
		_IOCAF2_ISR
 This function is called by:
		_INTERRUPT_InterruptManager
 This function uses a non-reentrant model


 *************** function _IOCAF2_ISR *****************
 Defined at:
		line 122 in file "mcc_generated_files/pin_manager.c"
 Parameters:    Size  Location     Type
		None
 Auto vars:     Size  Location     Type
		None
 Return value:  Size  Location     Type
                  1    wreg      void 
 Registers used:
		wreg, status,2, status,0, pclath, cstack
 Tracked objects:
		On entry : 
		On exit  : 
		Unchanged: 
 Data sizes:     COMMON   BANK0   BANK1
      Params:         0       0       0
      Locals:         0       0       0
      Temps:          0       0       0
      Totals:         0       0       0
Total ram usage:        0 bytes
 Hardware stack levels used:    1
 Hardware stack levels required when called:    2
 This function calls:
		Absolute function
		_INT_RA2
		_IOCAF2_DefaultInterruptHandler
 This function is called by:
		_PIN_MANAGER_IOC
 This function uses a non-reentrant model


 *************** function _INT_RA2 *****************
 Defined at:
		line 494 in file "main.c"
 Parameters:    Size  Location     Type
		None
 Auto vars:     Size  Location     Type
		None
 Return value:  Size  Location     Type
                  1    wreg      void 
 Registers used:
		wreg, status,2, status,0, pclath, cstack
 Tracked objects:
		On entry : 
		On exit  : 
		Unchanged: 
 Data sizes:     COMMON   BANK0   BANK1
      Params:         0       0       0
      Locals:         0       0       0
      Temps:          2       0       0
      Totals:         2       0       0
Total ram usage:        2 bytes
 Hardware stack levels used:    1
 Hardware stack levels required when called:    1
 This function calls:
		_TMR1_StartTimer
		_TMR1_WriteTimer
 This function is called by:
		_main
		_IOCAF2_ISR
 This function uses a non-reentrant model


 *************** function _IOCAF2_DefaultInterruptHandler *****************
 Defined at:
		line 144 in file "mcc_generated_files/pin_manager.c"
 Parameters:    Size  Location     Type
		None
 Auto vars:     Size  Location     Type
		None
 Return value:  Size  Location     Type
                  1    wreg      void 
 Registers used:
		None
 Tracked objects:
		On entry : 
		On exit  : 
		Unchanged: 
 Data sizes:     COMMON   BANK0   BANK1
      Params:         0       0       0
      Locals:         0       0       0
      Temps:          0       0       0
      Totals:         0       0       0
Total ram usage:        0 bytes
 Hardware stack levels used:    1
 This function calls:
		Nothing
 This function is called by:
		_PIN_MANAGER_Initialize
		_IOCAF2_ISR
 This function uses a non-reentrant model


 *************** function _TMR1_WriteTimer *****************
 Defined at:
		line 120 in file "mcc_generated_files/tmr1.c"
 Parameters:    Size  Location     Type
  timerVal        2    0[COMMON] unsigned int 
 Auto vars:     Size  Location     Type
		None
 Return value:  Size  Location     Type
                  1    wreg      void 
 Registers used:
		wreg, status,2
 Tracked objects:
		On entry : 
		On exit  : 
		Unchanged: 
 Data sizes:     COMMON   BANK0   BANK1
      Params:         2       0       0
      Locals:         0       0       0
      Temps:          0       0       0
      Totals:         2       0       0
Total ram usage:        2 bytes
 Hardware stack levels used:    1
 This function calls:
		Nothing
 This function is called by:
		_TMR1_Reload
		_TMR1_ISR
		_INT_RA2
		_tmr1gate_func_init
		_tmr0reloadcnt
		_rpm_celiang
 This function uses a non-reentrant model


 *************** function _TMR1_StartTimer *****************
 Defined at:
		line 93 in file "mcc_generated_files/tmr1.c"
 Parameters:    Size  Location     Type
		None
 Auto vars:     Size  Location     Type
		None
 Return value:  Size  Location     Type
                  1    wreg      void 
 Registers used:
		None
 Tracked objects:
		On entry : 
		On exit  : 
		Unchanged: 
 Data sizes:     COMMON   BANK0   BANK1
      Params:         0       0       0
      Locals:         0       0       0
      Temps:          0       0       0
      Totals:         0       0       0
Total ram usage:        0 bytes
 Hardware stack levels used:    1
 This function calls:
		Nothing
 This function is called by:
		_INT_RA2
		_rpm_celiang
 This function uses a non-reentrant model



MODULE INFORMATION

Module		Function		Class		Link	Load	Size
mcc_generated_files/cmp1.c
		_CMP1_Initialize		CODE           	0505	0000	6

mcc_generated_files/cmp1.c estimated size: 6

C:\Program Files (x86)\Microchip\xc8\v1.42\sources\common\lwdiv.c
		___lwdiv       		CODE           	0381	0000	53

C:\Program Files (x86)\Microchip\xc8\v1.42\sources\common\lwdiv.c estimated size: 53

mcc_generated_files/tmr2.c
		_TMR2_ISR      		CODE           	0513	0000	5
		_TMR2_Initialize		CODE           	0436	0000	18
		_TMR2_SetInterruptHandler		CODE           	04E1	0000	7
		_TMR2_DefaultInterruptHandler		CODE           	051D	0000	2
		_TMR2_CallBack 		CODE           	049B	0000	12

mcc_generated_files/tmr2.c estimated size: 44

mcc_generated_files/interrupt_manager.c
		_INTERRUPT_InterruptManager		CODE           	0004	0000	38

mcc_generated_files/interrupt_manager.c estimated size: 38

mcc_generated_files/tmr0.c
		_TMR0_SetInterruptHandler		CODE           	04ED	0000	7
		_TMR0_DefaultInterruptHandler		CODE           	051F	0000	2
		_TMR0_CallBack 		CODE           	04B1	0000	12
		_TMR0_ISR      		CODE           	0447	0000	18
		_TMR0_Initialize		CODE           	0422	0000	21

mcc_generated_files/tmr0.c estimated size: 60

mcc_generated_files/pin_manager.c
		_PIN_MANAGER_Initialize		CODE           	03B5	0000	32
		_IOCAF2_DefaultInterruptHandler		CODE           	0520	0000	2
		_IOCAF2_ISR    		CODE           	0482	0000	14
		_PIN_MANAGER_IOC		CODE           	050A	0000	6
		_IOCAF2_SetInterruptHandler		CODE           	04F3	0000	7

mcc_generated_files/pin_manager.c estimated size: 61

mcc_generated_files/adc.c
		_ADC_Initialize		CODE           	04BC	0000	10
		_ADC_GetConversion		CODE           	03F1	0000	26

mcc_generated_files/adc.c estimated size: 36

shared
		__initialization		CODE           	002A	0000	23

shared estimated size: 23

mcc_generated_files/mcc.c
		_WDT_Initialize		CODE           	050F	0000	5
		_OSCILLATOR_Initialize		CODE           	04F9	0000	7
		_SYSTEM_Initialize		CODE           	0475	0000	14

mcc_generated_files/mcc.c estimated size: 26

mcc_generated_files/tmr1.c
		_TMR1_Initialize		CODE           	040A	0000	25
		_TMR1_SetInterruptHandler		CODE           	04E7	0000	7
		_TMR1_StopTimer		CODE           	0517	0000	4
		_TMR1_Reload   		CODE           	04CE	0000	8
		_TMR1_DefaultInterruptHandler		CODE           	051E	0000	2
		_TMR1_CallBack 		CODE           	04A6	0000	12
		_TMR1_WriteTimer		CODE           	0458	0000	16
		_TMR1_StartTimer		CODE           	051A	0000	4
		_TMR1_ReadTimer		CODE           	03D4	0000	30
		_TMR1_ISR      		CODE           	04C5	0000	10

mcc_generated_files/tmr1.c estimated size: 118

main.c
		_led_blink     		CODE           	0275	0000	82
		_INT_RA2       		CODE           	021A	0000	92
		_main          		CODE           	02C6	0000	71
		_tmr1gate_func_init		CODE           	0467	0000	15
		_tmr0reloadcnt 		CODE           	034A	0000	56
		_rpm_celiang   		CODE           	030C	0000	63
		_tmr1cnt_func_init		CODE           	04FF	0000	7
		_INT_T2        		CODE           	0043	0000	472

main.c estimated size: 858

